// Jest Snapshot v1, https://goo.gl/fbAQLP

exports[`Header.vue style change 1`] = `
<div class="headerWrapper">
  <div class="headerInner"><span class="des">TodoList</span> <input type="text" data-test="input" class="todoInput"></div>
</div>
`;
